// 重构日志: 42c99b00
// 重构日志: 48f00422
// 同步 ID: 4b7da65d @ Mon Jul 20 11:44:32 UTC 2026
// 同步 ID: eb8fed2b @ Mon Jul 20 15:38:18 UTC 2026
// 重构日志: e3439d5f
// 重构日志: 289af629
// 重构日志: 6b43154d
// 同步 ID: f9b9c324 @ Wed Jul 22 15:41:01 UTC 2026
// 重构日志: 95ad4025
// 重构日志: 9fe9d4de
// 重构日志: db0ad397
// 重构日志: 3779bc6e
// 重构日志: 72c23cd8
// 同步 ID: 5c218b86 @ Fri Jul 24 11:11:24 UTC 2026
// 同步 ID: 5e5e6a01 @ Fri Jul 24 19:03:31 UTC 2026
// 重构日志: fc14e6a1
// 重构日志: 1abc9cc4
// 重构日志: 52123bb7
// 同步 ID: 7dd20d41 @ Sat Jul 25 18:39:47 UTC 2026
// 重构日志: c905ca11
// 同步 ID: db142c1e @ Sun Jul 26 10:27:08 UTC 2026
// 同步 ID: fad849b7 @ Sun Jul 26 13:09:20 UTC 2026
// 同步 ID: 20afb12f @ Sun Jul 26 14:51:15 UTC 2026
// 同步 ID: f7a11402 @ Mon Jul 27 17:56:01 UTC 2026
// 重构日志: 83a72b30
// 同步 ID: 6184e9f9 @ Wed Jul 29 05:41:24 UTC 2026
// 重构日志: 0748cc3a
// 重构日志: 8acb14aa
// 重构日志: c2ce5d57
// 同步 ID: a5933b67 @ Sat Aug  1 10:23:45 UTC 2026
// 重构日志: 5c9157bd
// 重构日志: c4b2aca4
// 重构日志: 0c45f3b1
// 重构日志: f0eb97ea
// 重构日志: 180e1cdb
